
  .   ____          _            __ _ _
 /\\ / ___'_ __ _ _(_)_ __  __ _ \ \ \ \
( ( )\___ | '_ | '_| | '_ \/ _` | \ \ \ \
 \\/  ___)| |_)| | | | | || (_| |  ) ) ) )
  '  |____| .__|_| |_|_| |_\__, | / / / /
 =========|_|==============|___/=/_/_/_/

 :: Spring Boot ::                (v3.3.5)

2026-06-08T14:58:22.964+08:00  INFO 37980 --- [student-answer-system] [           main] c.e.a.StudentAnswerSystemApplication     : Starting StudentAnswerSystemApplication v0.0.1-SNAPSHOT using Java 17.0.17 with PID 37980 (E:\student-answer-system\backend\target\student-answer-system-0.0.1-SNAPSHOT.jar started by Administration in E:\student-answer-system\backend)
2026-06-08T14:58:22.967+08:00  INFO 37980 --- [student-answer-system] [           main] c.e.a.StudentAnswerSystemApplication     : No active profile set, falling back to 1 default profile: "default"
2026-06-08T14:58:24.284+08:00  INFO 37980 --- [student-answer-system] [           main] .s.d.r.c.RepositoryConfigurationDelegate : Multiple Spring Data modules found, entering strict repository configuration mode
2026-06-08T14:58:24.286+08:00  INFO 37980 --- [student-answer-system] [           main] .s.d.r.c.RepositoryConfigurationDelegate : Bootstrapping Spring Data JPA repositories in DEFAULT mode.
2026-06-08T14:58:24.457+08:00  INFO 37980 --- [student-answer-system] [           main] .s.d.r.c.RepositoryConfigurationDelegate : Finished Spring Data repository scanning in 161 ms. Found 11 JPA repository interfaces.
2026-06-08T14:58:25.701+08:00  INFO 37980 --- [student-answer-system] [           main] o.s.b.w.embedded.tomcat.TomcatWebServer  : Tomcat initialized with port 8080 (http)
2026-06-08T14:58:25.707+08:00  INFO 37980 --- [student-answer-system] [           main] o.a.catalina.core.AprLifecycleListener   : An older version [1.3.5] of the Apache Tomcat Native library is installed, while Tomcat recommends a minimum version of [2.0.5]
2026-06-08T14:58:25.707+08:00  INFO 37980 --- [student-answer-system] [           main] o.a.catalina.core.AprLifecycleListener   : Loaded Apache Tomcat Native library [1.3.5] using APR version [1.7.6].
2026-06-08T14:58:25.724+08:00  INFO 37980 --- [student-answer-system] [           main] o.a.catalina.core.AprLifecycleListener   : OpenSSL successfully initialized [OpenSSL 3.0.18 30 Sep 2025]
2026-06-08T14:58:25.745+08:00  INFO 37980 --- [student-answer-system] [           main] o.apache.catalina.core.StandardService   : Starting service [Tomcat]
2026-06-08T14:58:25.746+08:00  INFO 37980 --- [student-answer-system] [           main] o.apache.catalina.core.StandardEngine    : Starting Servlet engine: [Apache Tomcat/10.1.31]
2026-06-08T14:58:25.867+08:00  INFO 37980 --- [student-answer-system] [           main] o.a.c.c.C.[Tomcat].[localhost].[/]       : Initializing Spring embedded WebApplicationContext
2026-06-08T14:58:25.876+08:00  INFO 37980 --- [student-answer-system] [           main] w.s.c.ServletWebServerApplicationContext : Root WebApplicationContext: initialization completed in 2854 ms
2026-06-08T14:58:27.363+08:00  INFO 37980 --- [student-answer-system] [           main] o.hibernate.jpa.internal.util.LogHelper  : HHH000204: Processing PersistenceUnitInfo [name: default]
2026-06-08T14:58:27.618+08:00  INFO 37980 --- [student-answer-system] [           main] org.hibernate.Version                    : HHH000412: Hibernate ORM core version 6.5.3.Final
2026-06-08T14:58:27.664+08:00  INFO 37980 --- [student-answer-system] [           main] o.h.c.internal.RegionFactoryInitiator    : HHH000026: Second-level cache disabled
2026-06-08T14:58:27.904+08:00  INFO 37980 --- [student-answer-system] [           main] o.s.o.j.p.SpringPersistenceUnitInfo      : No LoadTimeWeaver setup: ignoring JPA class transformer
2026-06-08T14:58:27.943+08:00  INFO 37980 --- [student-answer-system] [           main] com.zaxxer.hikari.HikariDataSource       : HikariPool-1 - Starting...
2026-06-08T14:58:28.277+08:00  INFO 37980 --- [student-answer-system] [           main] com.zaxxer.hikari.pool.HikariPool        : HikariPool-1 - Added connection com.mysql.cj.jdbc.ConnectionImpl@7affee54
2026-06-08T14:58:28.278+08:00  INFO 37980 --- [student-answer-system] [           main] com.zaxxer.hikari.HikariDataSource       : HikariPool-1 - Start completed.
2026-06-08T14:58:29.610+08:00  INFO 37980 --- [student-answer-system] [           main] o.h.e.t.j.p.i.JtaPlatformInitiator       : HHH000489: No JTA platform available (set 'hibernate.transaction.jta.platform' to enable JTA platform integration)
2026-06-08T14:58:29.619+08:00  INFO 37980 --- [student-answer-system] [           main] j.LocalContainerEntityManagerFactoryBean : Initialized JPA EntityManagerFactory for persistence unit 'default'
2026-06-08T14:58:30.055+08:00  INFO 37980 --- [student-answer-system] [           main] o.s.d.j.r.query.QueryEnhancerFactory     : Hibernate is in classpath; If applicable, HQL parser will be used.
2026-06-08T14:58:32.989+08:00  INFO 37980 --- [student-answer-system] [           main] o.s.b.w.embedded.tomcat.TomcatWebServer  : Tomcat started on port 8080 (http) with context path '/'
2026-06-08T14:58:33.024+08:00  INFO 37980 --- [student-answer-system] [           main] c.e.a.StudentAnswerSystemApplication     : Started StudentAnswerSystemApplication in 10.508 seconds (process running for 11.173)
2026-06-08T14:58:49.763+08:00  INFO 37980 --- [student-answer-system] [nio-8080-exec-1] o.a.c.c.C.[Tomcat].[localhost].[/]       : Initializing Spring DispatcherServlet 'dispatcherServlet'
2026-06-08T14:58:49.764+08:00  INFO 37980 --- [student-answer-system] [nio-8080-exec-1] o.s.web.servlet.DispatcherServlet        : Initializing Servlet 'dispatcherServlet'
2026-06-08T14:58:49.765+08:00  INFO 37980 --- [student-answer-system] [nio-8080-exec-1] o.s.web.servlet.DispatcherServlet        : Completed initialization in 1 ms
