[INFO] Scanning for projects...
[INFO] 
[INFO] -----------------< com.example:student-answer-system >------------------
[INFO] Building student-answer-system 0.0.1-SNAPSHOT
[INFO]   from pom.xml
[INFO] --------------------------------[ jar ]---------------------------------
[INFO] 
[INFO] >>> spring-boot:3.3.5:run (default-cli) > test-compile @ student-answer-system >>>
[INFO] 
[INFO] --- resources:3.3.1:resources (default-resources) @ student-answer-system ---
[INFO] Copying 1 resource from src\main\resources to target\classes
[INFO] Copying 0 resource from src\main\resources to target\classes
[INFO] 
[INFO] --- compiler:3.13.0:compile (default-compile) @ student-answer-system ---
[INFO] Nothing to compile - all classes are up to date.
[INFO] 
[INFO] --- resources:3.3.1:testResources (default-testResources) @ student-answer-system ---
[INFO] skip non existing resourceDirectory E:\student-answer-system\backend\src\test\resources
[INFO] 
[INFO] --- compiler:3.13.0:testCompile (default-testCompile) @ student-answer-system ---
[INFO] No sources to compile
[INFO] 
[INFO] <<< spring-boot:3.3.5:run (default-cli) < test-compile @ student-answer-system <<<
[INFO] 
[INFO] 
[INFO] --- spring-boot:3.3.5:run (default-cli) @ student-answer-system ---
[INFO] Attaching agents: []

  .   ____          _            __ _ _
 /\\ / ___'_ __ _ _(_)_ __  __ _ \ \ \ \
( ( )\___ | '_ | '_| | '_ \/ _` | \ \ \ \
 \\/  ___)| |_)| | | | | || (_| |  ) ) ) )
  '  |____| .__|_| |_|_| |_\__, | / / / /
 =========|_|==============|___/=/_/_/_/

 :: Spring Boot ::                (v3.3.5)

2026-06-07T17:24:07.104+08:00  INFO 36536 --- [student-answer-system] [           main] c.e.a.StudentAnswerSystemApplication     : Starting StudentAnswerSystemApplication using Java 17.0.12 with PID 36536 (E:\student-answer-system\backend\target\classes started by Administration in E:\student-answer-system\backend)
2026-06-07T17:24:07.106+08:00  INFO 36536 --- [student-answer-system] [           main] c.e.a.StudentAnswerSystemApplication     : No active profile set, falling back to 1 default profile: "default"
2026-06-07T17:24:07.490+08:00  INFO 36536 --- [student-answer-system] [           main] .s.d.r.c.RepositoryConfigurationDelegate : Multiple Spring Data modules found, entering strict repository configuration mode
2026-06-07T17:24:07.492+08:00  INFO 36536 --- [student-answer-system] [           main] .s.d.r.c.RepositoryConfigurationDelegate : Bootstrapping Spring Data JPA repositories in DEFAULT mode.
2026-06-07T17:24:07.584+08:00  INFO 36536 --- [student-answer-system] [           main] .s.d.r.c.RepositoryConfigurationDelegate : Finished Spring Data repository scanning in 88 ms. Found 10 JPA repository interfaces.
2026-06-07T17:24:07.924+08:00  INFO 36536 --- [student-answer-system] [           main] o.s.b.w.embedded.tomcat.TomcatWebServer  : Tomcat initialized with port 8080 (http)
2026-06-07T17:24:07.926+08:00  INFO 36536 --- [student-answer-system] [           main] o.a.catalina.core.AprLifecycleListener   : An older version [1.3.5] of the Apache Tomcat Native library is installed, while Tomcat recommends a minimum version of [2.0.5]
2026-06-07T17:24:07.927+08:00  INFO 36536 --- [student-answer-system] [           main] o.a.catalina.core.AprLifecycleListener   : Loaded Apache Tomcat Native library [1.3.5] using APR version [1.7.6].
2026-06-07T17:24:07.929+08:00  INFO 36536 --- [student-answer-system] [           main] o.a.catalina.core.AprLifecycleListener   : OpenSSL successfully initialized [OpenSSL 3.0.18 30 Sep 2025]
2026-06-07T17:24:07.937+08:00  INFO 36536 --- [student-answer-system] [           main] o.apache.catalina.core.StandardService   : Starting service [Tomcat]
2026-06-07T17:24:07.937+08:00  INFO 36536 --- [student-answer-system] [           main] o.apache.catalina.core.StandardEngine    : Starting Servlet engine: [Apache Tomcat/10.1.31]
2026-06-07T17:24:07.976+08:00  INFO 36536 --- [student-answer-system] [           main] o.a.c.c.C.[Tomcat].[localhost].[/]       : Initializing Spring embedded WebApplicationContext
2026-06-07T17:24:07.977+08:00  INFO 36536 --- [student-answer-system] [           main] w.s.c.ServletWebServerApplicationContext : Root WebApplicationContext: initialization completed in 848 ms
2026-06-07T17:24:08.266+08:00  INFO 36536 --- [student-answer-system] [           main] o.hibernate.jpa.internal.util.LogHelper  : HHH000204: Processing PersistenceUnitInfo [name: default]
2026-06-07T17:24:08.290+08:00  INFO 36536 --- [student-answer-system] [           main] org.hibernate.Version                    : HHH000412: Hibernate ORM core version 6.5.3.Final
2026-06-07T17:24:08.305+08:00  INFO 36536 --- [student-answer-system] [           main] o.h.c.internal.RegionFactoryInitiator    : HHH000026: Second-level cache disabled
2026-06-07T17:24:08.428+08:00  INFO 36536 --- [student-answer-system] [           main] o.s.o.j.p.SpringPersistenceUnitInfo      : No LoadTimeWeaver setup: ignoring JPA class transformer
2026-06-07T17:24:08.448+08:00  INFO 36536 --- [student-answer-system] [           main] com.zaxxer.hikari.HikariDataSource       : HikariPool-1 - Starting...
2026-06-07T17:24:08.607+08:00  INFO 36536 --- [student-answer-system] [           main] com.zaxxer.hikari.pool.HikariPool        : HikariPool-1 - Added connection com.mysql.cj.jdbc.ConnectionImpl@44a13699
2026-06-07T17:24:08.608+08:00  INFO 36536 --- [student-answer-system] [           main] com.zaxxer.hikari.HikariDataSource       : HikariPool-1 - Start completed.
2026-06-07T17:24:09.109+08:00  INFO 36536 --- [student-answer-system] [           main] o.h.e.t.j.p.i.JtaPlatformInitiator       : HHH000489: No JTA platform available (set 'hibernate.transaction.jta.platform' to enable JTA platform integration)
2026-06-07T17:24:09.114+08:00  INFO 36536 --- [student-answer-system] [           main] j.LocalContainerEntityManagerFactoryBean : Initialized JPA EntityManagerFactory for persistence unit 'default'
2026-06-07T17:24:09.283+08:00  INFO 36536 --- [student-answer-system] [           main] o.s.d.j.r.query.QueryEnhancerFactory     : Hibernate is in classpath; If applicable, HQL parser will be used.
2026-06-07T17:24:09.996+08:00  INFO 36536 --- [student-answer-system] [           main] o.s.b.w.embedded.tomcat.TomcatWebServer  : Tomcat started on port 8080 (http) with context path '/'
2026-06-07T17:24:10.005+08:00  INFO 36536 --- [student-answer-system] [           main] c.e.a.StudentAnswerSystemApplication     : Started StudentAnswerSystemApplication in 3.125 seconds (process running for 3.321)
2026-06-07T17:24:45.555+08:00  INFO 36536 --- [student-answer-system] [nio-8080-exec-2] o.a.c.c.C.[Tomcat].[localhost].[/]       : Initializing Spring DispatcherServlet 'dispatcherServlet'
2026-06-07T17:24:45.556+08:00  INFO 36536 --- [student-answer-system] [nio-8080-exec-2] o.s.web.servlet.DispatcherServlet        : Initializing Servlet 'dispatcherServlet'
2026-06-07T17:24:45.557+08:00  INFO 36536 --- [student-answer-system] [nio-8080-exec-2] o.s.web.servlet.DispatcherServlet        : Completed initialization in 0 ms
2026-06-07T17:24:45.703+08:00  WARN 36536 --- [student-answer-system] [nio-8080-exec-2] o.h.engine.jdbc.spi.SqlExceptionHelper   : SQL Error: 1054, SQLState: 42S22
2026-06-07T17:24:45.704+08:00 ERROR 36536 --- [student-answer-system] [nio-8080-exec-2] o.h.engine.jdbc.spi.SqlExceptionHelper   : Unknown column 'ua1_0.avatar_url' in 'field list'
[INFO] ------------------------------------------------------------------------
[INFO] BUILD FAILURE
[INFO] ------------------------------------------------------------------------
[INFO] Total time:  05:04 min
[INFO] Finished at: 2026-06-07T17:29:08+08:00
[INFO] ------------------------------------------------------------------------
[ERROR] Failed to execute goal org.springframework.boot:spring-boot-maven-plugin:3.3.5:run (default-cli) on project student-answer-system: Process terminated with exit code: -1 -> [Help 1]
[ERROR] 
[ERROR] To see the full stack trace of the errors, re-run Maven with the -e switch.
[ERROR] Re-run Maven using the -X switch to enable full debug logging.
[ERROR] 
[ERROR] For more information about the errors and possible solutions, please read the following articles:
[ERROR] [Help 1] http://cwiki.apache.org/confluence/display/MAVEN/MojoExecutionException
